Cannot import NystromAttention, you can not run original UniDepth. UniDepthV2 is available.
[class_finder] class_discovery(door) 처리 완료, 이번 명령의 탐색 클래스=['door', 'pedestal'] (6610.2ms, 모델 로드 포함 가능)
[class_finder] frame#0(frame_000001.jpg, 0.0도): RPN 후보=62개 provider 처리시간(ms)={'dictionary': 1264.4, 'grounding_dino': 385.1, 'yolo_world': 2093.8, 'fastsam': 174.6}
[class_finder] frame#0(frame_000001.jpg, 0.0도): 검출개수={'door': 0, 'pedestal': 0}
[class_finder] frame#1(frame_000020.jpg, 45.0도): RPN 후보=58개 provider 처리시간(ms)={'dictionary': 939.6, 'grounding_dino': 279.7, 'yolo_world': 135.2, 'fastsam': 18.7}
[class_finder] frame#1(frame_000020.jpg, 45.0도): 검출개수={'door': 0, 'pedestal': 0}
[class_finder] frame#2(frame_000039.jpg, 90.0도): RPN 후보=74개 provider 처리시간(ms)={'dictionary': 1071.4, 'grounding_dino': 234.1, 'yolo_world': 152.9, 'fastsam': 16.1}
[class_finder] frame#2(frame_000039.jpg, 90.0도): 검출개수={'door': 0, 'pedestal': 1}
[class_finder] frame#3(frame_000057.jpg, 135.0도): RPN 후보=81개 provider 처리시간(ms)={'dictionary': 1233.1, 'grounding_dino': 216.0, 'yolo_world': 117.0, 'fastsam': 16.5}
[class_finder] frame#3(frame_000057.jpg, 135.0도): 검출개수={'door': 0, 'pedestal': 1}
[class_finder] frame#4(frame_000076.jpg, 180.0도): RPN 후보=70개 provider 처리시간(ms)={'dictionary': 1054.5, 'grounding_dino': 227.7, 'yolo_world': 122.8, 'fastsam': 15.8}
[class_finder] frame#4(frame_000076.jpg, 180.0도): 검출개수={'door': 0, 'pedestal': 0}
[class_finder] frame#5(frame_000095.jpg, 225.0도): RPN 후보=79개 provider 처리시간(ms)={'dictionary': 1173.0, 'grounding_dino': 218.5, 'yolo_world': 115.9, 'fastsam': 16.8}
[class_finder] frame#5(frame_000095.jpg, 225.0도): 검출개수={'door': 0, 'pedestal': 0}
[class_finder] frame#6(frame_000113.jpg, 270.0도): RPN 후보=58개 provider 처리시간(ms)={'dictionary': 945.7, 'grounding_dino': 221.7, 'yolo_world': 120.7, 'fastsam': 18.2}
[class_finder] frame#6(frame_000113.jpg, 270.0도): 검출개수={'door': 1, 'pedestal': 0}
[class_finder] frame#7(frame_000132.jpg, 315.0도): RPN 후보=55개 provider 처리시간(ms)={'dictionary': 837.2, 'grounding_dino': 238.8, 'yolo_world': 150.4, 'fastsam': 19.9}
[class_finder] frame#7(frame_000132.jpg, 315.0도): 검출개수={'door': 1, 'pedestal': 0}
Not loading pretrained weights for backbone
EdgeGuidedLocalSSI reverts to a non cuda-optimized operation, you will experince large slowdown, please install it:  `cd ./unidepth/ops/extract_patches && bash compile.sh`
[navigate] frame_000039.jpg(회전 90.0도) 단상: rel_depth=1.171 -> 30.2cm
[navigate] frame_000057.jpg(회전 135.0도) 단상: rel_depth=1.212 -> 34.4cm
[navigate] 로봇 위치(cm): [238.0, 127.4], 현재 방위각 오프셋: 83.8도
[navigate] Saved C:\Users\user\Desktop\khw\Physical-project-mk2\physical_demo\research\door_gate_relax\pipeline\before\rot8\navigation\target_summary.json
[navigate] 지시: 왼쪽(반시계)으로 74.6도 회전 -> 633.6cm 직진 (door 80cm 앞 정지)
[navigate] Saved to C:\Users\user\Desktop\khw\Physical-project-mk2\physical_demo\research\door_gate_relax\pipeline\before\rot8\navigation: path_overlay.jpg, evidence.json
[class_finder] class_discovery(door) 처리 완료, 이번 명령의 탐색 클래스=['door', 'pedestal'] (1.0ms, 모델 로드 포함 가능)
[class_finder] frame#0(frame_000000.jpg, 0.0도): RPN 후보=88개 provider 처리시간(ms)={'dictionary': 1353.0, 'grounding_dino': 230.0, 'yolo_world': 159.9, 'fastsam': 23.2}
[class_finder] frame#0(frame_000000.jpg, 0.0도): 검출개수={'door': 0, 'pedestal': 0}
[class_finder] frame#1(frame_000001.jpg, 45.0도): RPN 후보=83개 provider 처리시간(ms)={'dictionary': 1190.9, 'grounding_dino': 215.2, 'yolo_world': 139.2, 'fastsam': 22.7}
[class_finder] frame#1(frame_000001.jpg, 45.0도): 검출개수={'door': 0, 'pedestal': 0}
[class_finder] frame#2(frame_000002.jpg, 90.0도): RPN 후보=63개 provider 처리시간(ms)={'dictionary': 978.0, 'grounding_dino': 216.4, 'yolo_world': 119.1, 'fastsam': 16.1}
[class_finder] frame#2(frame_000002.jpg, 90.0도): 검출개수={'door': 0, 'pedestal': 0}
[class_finder] frame#3(frame_000003.jpg, 135.0도): RPN 후보=59개 provider 처리시간(ms)={'dictionary': 898.5, 'grounding_dino': 224.0, 'yolo_world': 120.9, 'fastsam': 14.8}
[class_finder] frame#3(frame_000003.jpg, 135.0도): 검출개수={'door': 0, 'pedestal': 0}
[class_finder] frame#4(frame_000004.jpg, 180.0도): RPN 후보=36개 provider 처리시간(ms)={'dictionary': 577.2, 'grounding_dino': 215.7, 'yolo_world': 122.1, 'fastsam': 17.3}
[class_finder] frame#4(frame_000004.jpg, 180.0도): 검출개수={'door': 0, 'pedestal': 0}
[class_finder] frame#5(frame_000005.jpg, 225.0도): RPN 후보=58개 provider 처리시간(ms)={'dictionary': 923.3, 'grounding_dino': 216.9, 'yolo_world': 240.8, 'fastsam': 15.4}
[class_finder] frame#5(frame_000005.jpg, 225.0도): 검출개수={'door': 0, 'pedestal': 0}
[class_finder] frame#6(frame_000006.jpg, 270.0도): RPN 후보=64개 provider 처리시간(ms)={'dictionary': 947.9, 'grounding_dino': 215.1, 'yolo_world': 114.4, 'fastsam': 15.5}
[class_finder] frame#6(frame_000006.jpg, 270.0도): 검출개수={'door': 1, 'pedestal': 0}
[class_finder] frame#7(frame_000007.jpg, 315.0도): RPN 후보=60개 provider 처리시간(ms)={'dictionary': 983.3, 'grounding_dino': 225.4, 'yolo_world': 148.2, 'fastsam': 16.8}
[class_finder] frame#7(frame_000007.jpg, 315.0도): 검출개수={'door': 0, 'pedestal': 0}
[navigate] A(단상) 실패: pedestal이 어느 프레임에서도 검출되지 않아 로봇 위치를 추정할 수 없음 -- B(문만으로 위치 추정) 시도
Not loading pretrained weights for backbone
EdgeGuidedLocalSSI reverts to a non cuda-optimized operation, you will experince large slowdown, please install it:  `cd ./unidepth/ops/extract_patches && bash compile.sh`
[navigate] B(문만) 위치(cm): [264.0, 135.0], 방위 오프셋 110.7도
[navigate] Saved C:\Users\user\Desktop\khw\Physical-project-mk2\physical_demo\research\door_gate_relax\pipeline\before\robot\navigation\target_summary.json
[navigate] 지시: 왼쪽(반시계)으로 94.4도 회전 -> 606.5cm 직진 (door 80cm 앞 정지)
[navigate] Saved to C:\Users\user\Desktop\khw\Physical-project-mk2\physical_demo\research\door_gate_relax\pipeline\before\robot\navigation: path_overlay.jpg, evidence.json
{
 "rot8": {
  "detections": {
   "door": {
    "270.0": [
     [
      140.2,
      91.2,
      161.1,
      143.8
     ]
    ],
    "315.0": [
     [
      32.0,
      93.7,
      53.6,
      142.1
     ]
    ]
   },
   "pedestal": {
    "90.0": [
     [
      75.9,
      0.1,
      221.7,
      227.0
     ]
    ],
    "135.0": [
     [
      -0.0,
      109.3,
      87.6,
      225.0
     ]
    ]
   }
  },
  "navigation": {
   "ok": true,
   "path_mode": "map",
   "localization_method": "pedestal",
   "robot_position_cm": [
    238.0,
    127.4
   ],
   "current_heading_map_deg": 83.8,
   "turn_deg": -74.6,
   "distance_to_target_cm": 713.6,
   "forward_distance_m": 6.336,
   "reason": null
  },
  "fallback_chain": [
   "A_pedestal:ok 단상 관측 2프레임",
   "path_map:ok 도면 기반 경로 산출"
  ],
  "robot_command": {
   "turn": {
    "deg": -74.6
   },
   "move_forward": {
    "distance_m": 6.336
   },
   "distance_m_in_range": true,
   "accepted_range_m": [
    0.05,
    10.0
   ],
   "note": "turn.deg는 오른쪽이 +(왼쪽이 음수). move_forward.distance_m에는 standoff가 이미 반영돼 있다 -- 또 빼지 말 것."
  }
 },
 "robot": {
  "detections": {
   "door": {
    "270.0": [
     [
      92.7,
      88.2,
      113.9,
      143.7
     ]
    ]
   },
   "pedestal": {}
  },
  "navigation": {
   "ok": true,
   "path_mode": "map",
   "localization_method": "door_only",
   "robot_position_cm": [
    264.0,
    135.0
   ],
   "current_heading_map_deg": 110.7,
   "turn_deg": -94.4,
   "distance_to_target_cm": 686.5,
   "forward_distance_m": 6.065,
   "reason": null
  },
  "fallback_chain": [
   "A_pedestal:X pedestal이 어느 프레임에서도 검출되지 않아 로봇 위치를 추정할 수 없음",
   "B_door_only:ok 문 거리 686.5cm(겉보기 크기) · 문 방위 265.6도(bearing_refinement)",
   "path_map:ok 도면 기반 경로 산출"
  ],
  "robot_command": {
   "turn": {
    "deg": -94.4
   },
   "move_forward": {
    "distance_m": 6.065
   },
   "distance_m_in_range": true,
   "accepted_range_m": [
    0.05,
    10.0
   ],
   "note": "turn.deg는 오른쪽이 +(왼쪽이 음수). move_forward.distance_m에는 standoff가 이미 반영돼 있다 -- 또 빼지 말 것."
  }
 }
}
